training times:
340.2219078540802
375.6440508365631
375.5689368247986
377.85123777389526
375.04865169525146
375.07398772239685
375.9609079360962
378.0237305164337
375.6715352535248
375.7822775840759
376.803546667099
375.92228960990906
375.13792967796326
375.05698013305664
377.4938397407532
375.14584374427795
375.2400987148285
375.3098337650299
377.73868775367737
375.1072108745575
avg_train_loss:
0.19137153440129864
0.062226354316808286
0.044842661376538064
0.03354119779759397
0.027713845523884326
0.023348777489891896
0.01917367683404397
0.019208919102170815
0.015225740878200061
0.014223094214762871
0.012781290294524903
0.011432127019668163
0.010415077286509283
0.009645514311268926
0.008976220812299289
0.008465713533184802
0.008079275417775837
0.007819170274131466
0.007653968314304924
0.007563472616434713
avg_train_psnr:
17.213707160949706
21.665488032023113
23.04705884106954
24.240225297292074
25.052433452606202
25.7610482673645
26.487119294484458
26.58917451477051
27.456054377237955
27.764925989786782
28.18913674926758
28.635796532948813
29.009631572882334
29.35197658665975
29.668916678110758
29.923758454640705
30.141799450715382
30.29776708475749
30.32659098100662
30.383807459513346
avg_train_ssim:
0.8496285420755545
0.9353802619775137
0.9484553888638815
0.9578719529708226
0.9621584997177124
0.9670949004093806
0.972547054807345
0.9685032456318537
0.9786510445276896
0.9797861053943634
0.9822463966608047
0.9835215805768966
0.9852254930734634
0.9869675087928772
0.9882409897645315
0.9892969730695089
0.989134594877561
0.9902533214886983
0.990092801451683
0.990159783244133
avg_val_loss:
0.11836207778503498
0.0690950749629119
0.05610310975089669
0.04435954978726416
0.039341726562629145
0.03859758191369474
0.030804884810000658
0.027920521071646363
0.028730362283686795
0.02405524776079498
0.02287897326067711
0.021934927746032677
0.02104553423449397
0.02005539077334106
0.019465455762731534
0.018995120713176827
0.01878384862219294
0.018610104167504082
0.018373646818101406
0.018432371659825246
avg_val_psnr:
18.740126953125
20.979127667744955
21.9609703318278
22.874535591761273
23.513977508544922
23.394278579711916
24.404529922485352
24.933723785400392
24.742578760782877
25.40860533396403
25.67802736409505
25.94104656982422
26.011003290812173
26.40122176106771
26.37437471516927
26.4328248240153
26.510681798299153
26.52509144337972
26.560091822306315
26.60033115641276
avg_val_ssim:
0.8866563366254171
0.923829410592715
0.9353810210227966
0.9379565073649089
0.9443044320742289
0.955369669119517
0.9611347861289978
0.9673362272580465
0.9570003531773885
0.9687601548830668
0.9730174209276835
0.9728092891375224
0.9751550730069478
0.975246984799703
0.9759795742034912
0.9777010723749796
0.9777371973991394
0.978267766793569
0.9784798881212871
0.978469405333201
